I'm sorry, but errors were detected in your script. Please correct the
errors listed below, and try again.


File "game/script.rpy", line 644: expected ':' not found.
    else conversation1 == False:
         ^

Ren'Py Version: Ren'Py 7.2.2.491
Sun Jan 26 16:17:57 2020
